// Jest Snapshot v1, https://goo.gl/fbAQLP

exports[`<MovieCard/> should take snapshot 1`] = `
<div>
  <h3 />
  <button
    class="sc-bczRLJ cgVelk"
  >
    Book Now
  </button>
</div>
`;
